features/editor/components/Navigation/CurrentSelection/ProgramSelection/components/options/DocumentUploadOption.tsx(4,1): error TS6133: 'DocumentStructure' is declared but its value is never read.
features/editor/components/Navigation/CurrentSelection/ProgramSelection/components/panels/ProgramSummaryPanel.tsx(5,48): error TS2307: Cannot find module '@/platform/analysis/internal/document-flows/document-flows/organizeForUiRendering' or its corresponding type declarations.
features/editor/components/Navigation/CurrentSelection/ProgramSelection/components/panels/StandardStructurePanel.tsx(6,47): error TS2307: Cannot find module '@/platform/analysis/internal/document-flows/document-flows/organizeForUiRendering' or its corresponding type declarations.
features/editor/components/Navigation/CurrentSelection/ProgramSelection/components/panels/StandardStructurePanel.tsx(218,37): error TS7006: Parameter 'section' implicitly has an 'any' type.
features/editor/components/Navigation/CurrentSelection/ProgramSelection/components/panels/TemplateStructurePanel.tsx(4,48): error TS2307: Cannot find module '@/platform/analysis/internal/document-flows/document-flows/organizeForUiRendering' or its corresponding type declarations.
features/editor/components/Navigation/CurrentSelection/ProgramSelection/components/panels/TemplateStructurePanel.tsx(169,59): error TS7006: Parameter 'appendix' implicitly has an 'any' type.
features/editor/components/Navigation/CurrentSelection/ProgramSelection/components/panels/TemplateStructurePanel.tsx(169,69): error TS7006: Parameter 'appendixIdx' implicitly has an 'any' type.
features/editor/components/Navigation/CurrentSelection/TreeNavigator/TreeNavigator.tsx(7,47): error TS2307: Cannot find module '@/platform/analysis/internal/document-flows/document-flows/organizeForUiRendering' or its corresponding type declarations.
features/editor/lib/index.ts(96,40): error TS2307: Cannot find module '@/platform/analysis/internal/document-flows/document-flows/organizeForUiRendering' or its corresponding type declarations.
features/editor/lib/utils/index.ts(26,69): error TS2307: Cannot find module '@/platform/analysis/internal/document-flows/document-flows/organizeForUiRendering' or its corresponding type declarations.
features/editor/lib/utils/index.ts(27,47): error TS2307: Cannot find module '@/platform/analysis/internal/document-flows/document-flows/organizeForUiRendering' or its corresponding type declarations.
pages/api/programs/blueprint.ts(11,15): error TS2459: Module '"@/platform/generation/blueprintGenerator"' declares 'Blueprint' locally, but it is not exported.
platform/analysis/program-flow/converter.ts(12,5): error TS2353: Object literal may only specify known properties, and 'type' does not exist in type 'ProgramSummary'.
platform/analysis/program-flow/generator.ts(19,54): error TS7006: Parameter 'doc' implicitly has an 'any' type.
platform/analysis/program-flow/generator.ts(19,59): error TS7006: Parameter 'index' implicitly has an 'any' type.
platform/analysis/program-flow/generator.ts(37,64): error TS7006: Parameter 'section' implicitly has an 'any' type.
platform/analysis/program-flow/generator.ts(37,73): error TS7006: Parameter 'sectionIndex' implicitly has an 'any' type.
platform/analysis/program-flow/generator.ts(39,53): error TS7006: Parameter 'subsection' implicitly has an 'any' type.
platform/analysis/program-flow/generator.ts(39,65): error TS7006: Parameter 'subIndex' implicitly has an 'any' type.
platform/analysis/program-flow/generator.ts(54,43): error TS7006: Parameter 'doc' implicitly has an 'any' type.
platform/analysis/program-flow/generator.ts(63,46): error TS7006: Parameter 'doc' implicitly has an 'any' type.
platform/analysis/program-flow/generator.ts(72,40): error TS7006: Parameter 'doc' implicitly has an 'any' type.
platform/analysis/program-flow/generator.ts(82,46): error TS7006: Parameter 'doc' implicitly has an 'any' type.
platform/analysis/program-flow/generator.ts(91,44): error TS7006: Parameter 'doc' implicitly has an 'any' type.
platform/analysis/program-flow/generator.ts(100,48): error TS7006: Parameter 'doc' implicitly has an 'any' type.
platform/analysis/program-flow/generator.ts(110,46): error TS7006: Parameter 'doc' implicitly has an 'any' type.
platform/analysis/program-flow/generator.ts(122,46): error TS7006: Parameter 'doc' implicitly has an 'any' type.
platform/analysis/program-flow/generator.ts(146,37): error TS7006: Parameter 'doc' implicitly has an 'any' type.
platform/analysis/program-flow/generator.ts(150,25): error TS7006: Parameter 'id' implicitly has an 'any' type.
platform/analysis/program-flow/generator.ts(152,22): error TS7006: Parameter 'section' implicitly has an 'any' type.
platform/analysis/program-flow/generator.ts(162,47): error TS7006: Parameter 'id' implicitly has an 'any' type.
platform/analysis/program-flow/generator.ts(167,30): error TS7006: Parameter 'emptyDocId' implicitly has an 'any' type.
platform/analysis/program-flow/generator.ts(168,41): error TS7006: Parameter 'doc' implicitly has an 'any' type.
platform/analysis/program-flow/generator.ts(193,97): error TS7006: Parameter 'stmt' implicitly has an 'any' type.
platform/analysis/program-flow/generator.ts(193,103): error TS7006: Parameter 'index' implicitly has an 'any' type.
platform/analysis/program-flow/generator.ts(203,57): error TS7006: Parameter 'doc' implicitly has an 'any' type.
platform/analysis/program-flow/generator.ts(203,83): error TS7006: Parameter 'doc' implicitly has an 'any' type.
platform/analysis/program-flow/generator.ts(203,88): error TS7006: Parameter 'index' implicitly has an 'any' type.
platform/analysis/program-flow/generator.ts(213,42): error TS7006: Parameter 'req' implicitly has an 'any' type.
platform/analysis/program-flow/generator.ts(213,47): error TS7006: Parameter 'index' implicitly has an 'any' type.
platform/analysis/program-flow/generator.ts(227,57): error TS7006: Parameter 'doc' implicitly has an 'any' type.
platform/analysis/program-flow/generator.ts(227,83): error TS7006: Parameter 'doc' implicitly has an 'any' type.
platform/analysis/program-flow/generator.ts(227,88): error TS7006: Parameter 'index' implicitly has an 'any' type.
platform/analysis/program-flow/generator.ts(234,97): error TS7006: Parameter 'stmt' implicitly has an 'any' type.
platform/analysis/program-flow/generator.ts(234,103): error TS7006: Parameter 'index' implicitly has an 'any' type.
platform/analysis/program-flow/generator.ts(243,35): error TS7006: Parameter 'section' implicitly has an 'any' type.
platform/analysis/program-flow/generator.ts(266,62): error TS7006: Parameter 'doc' implicitly has an 'any' type.
platform/generation/instantiation.ts(30,19): error TS2339: Property 'programName' does not exist on type 'Blueprint'.
platform/generation/instantiation.ts(34,19): error TS2339: Property 'programName' does not exist on type 'Blueprint'.
platform/generation/instantiation.ts(95,51): error TS2339: Property 'structure' does not exist on type 'Blueprint'.
platform/generation/instantiation.ts(106,48): error TS2339: Property 'generationPrompts' does not exist on type 'AIGuidance[]'.
platform/generation/instantiation.ts(107,39): error TS2339: Property 'requirements' does not exist on type 'Blueprint'.
platform/generation/instantiation.ts(109,42): error TS2339: Property 'requirements' does not exist on type 'Blueprint'.
platform/generation/instantiation.ts(134,32): error TS2339: Property 'programId' does not exist on type 'Blueprint'.
platform/generation/instantiation.ts(138,42): error TS2339: Property 'requirements' does not exist on type 'Blueprint'.
platform/generation/sectionWriter.ts(13,9): error TS6133: 'prompt' is declared but its value is never read.
platform/generation/structureBuilder.ts(29,3): error TS6196: 'SectionDetection' is declared but never used.
platform/generation/structureBuilder.ts(30,3): error TS6196: 'SpecialSection' is declared but never used.
